IDENTICAL /components/a11y-announcer       0 px (0%) 1280x1645 -> 1280x1645
IDENTICAL /components/account-card         0 px (0%) 1280x1645 -> 1280x1645
IDENTICAL /components/amount-slider        0 px (0%) 1280x1645 -> 1280x1645
IDENTICAL /components/autocomplete         0 px (0%) 1280x1645 -> 1280x1645
IDENTICAL /components/badge                0 px (0%) 1280x1645 -> 1280x1645
IDENTICAL /components/bottom-sheet         0 px (0%) 1280x1645 -> 1280x1645
IDENTICAL /components/button               0 px (0%) 1280x1645 -> 1280x1645
IDENTICAL /components/card                 0 px (0%) 1280x1645 -> 1280x1645
IDENTICAL /components/checkbox             0 px (0%) 1280x1645 -> 1280x1645
IDENTICAL /components/currency-input       0 px (0%) 1280x1645 -> 1280x1645
IDENTICAL /components/data-table           0 px (0%) 1280x1645 -> 1280x1645
IDENTICAL /components/date-range           0 px (0%) 1280x1645 -> 1280x1645
IDENTICAL /components/dialog-shell         0 px (0%) 1280x1645 -> 1280x1645
DIFF      /components/disclosure           4 px (0%) 1280x1645 -> 1280x1645
IDENTICAL /components/divider              0 px (0%) 1280x1645 -> 1280x1645
IDENTICAL /components/error-summary        0 px (0%) 1280x1645 -> 1280x1645
IDENTICAL /components/expansion            0 px (0%) 1280x1645 -> 1280x1645
IDENTICAL /components/filter-chips         0 px (0%) 1280x1645 -> 1280x1645
IDENTICAL /components/icon-button          0 px (0%) 1280x1645 -> 1280x1645
IDENTICAL /components/list                 0 px (0%) 1280x1645 -> 1280x1645
IDENTICAL /components/masked-input         0 px (0%) 1280x1645 -> 1280x1645
IDENTICAL /components/menu                 0 px (0%) 1280x1645 -> 1280x1645
IDENTICAL /components/page-header          0 px (0%) 1280x1645 -> 1280x1645
DIFF      /components/page-shell           15692 px (0.703%) 1280x1744 -> 1280x1745
IDENTICAL /components/progress             0 px (0%) 1280x1645 -> 1280x1645
IDENTICAL /components/radio-group          0 px (0%) 1280x1645 -> 1280x1645
IDENTICAL /components/select               0 px (0%) 1280x1645 -> 1280x1645
IDENTICAL /components/skeleton             0 px (0%) 1280x1645 -> 1280x1645
IDENTICAL /components/stepper-shell        0 px (0%) 1280x1645 -> 1280x1645
IDENTICAL /components/tabs                 0 px (0%) 1280x1645 -> 1280x1645
IDENTICAL /components/toast                0 px (0%) 1280x1645 -> 1280x1645
IDENTICAL /components/toggle               0 px (0%) 1280x1645 -> 1280x1645
IDENTICAL /components/tooltip              0 px (0%) 1280x1645 -> 1280x1645
IDENTICAL /components/virtual-list         0 px (0%) 1280x1645 -> 1280x1645
IDENTICAL /dashboard                       0 px (0%) 1280x1645 -> 1280x1645
IDENTICAL /foundations/icons               0 px (0%) 1280x1645 -> 1280x1645
IDENTICAL /foundations/themes              0 px (0%) 1280x1645 -> 1280x1645
DIFF      /foundations/tokens              38182 px (1.726%) 1280x1722 -> 1280x1728
IDENTICAL /                                0 px (0%) 1280x2355 -> 1280x2355
