ok         / -> home.png
ok         /dashboard -> dashboard.png
ok         /foundations/tokens -> foundations__tokens.png
ok         /foundations/themes -> foundations__themes.png
ok         /foundations/icons -> foundations__icons.png
ok         /components/button -> components__button.png
ok         /components/icon-button -> components__icon-button.png
ok         /components/menu -> components__menu.png
ok         /components/currency-input -> components__currency-input.png
ok         /components/masked-input -> components__masked-input.png
ok         /components/select -> components__select.png
ok         /components/autocomplete -> components__autocomplete.png
ok         /components/checkbox -> components__checkbox.png
ok         /components/radio-group -> components__radio-group.png
ok         /components/toggle -> components__toggle.png
ok         /components/date-range -> components__date-range.png
ok         /components/amount-slider -> components__amount-slider.png
ok         /components/account-card -> components__account-card.png
ok         /components/data-table -> components__data-table.png
ok         /components/virtual-list -> components__virtual-list.png
ok         /components/filter-chips -> components__filter-chips.png
ok         /components/badge -> components__badge.png
ok         /components/skeleton -> components__skeleton.png
ok         /components/card -> components__card.png
ok         /components/list -> components__list.png
ok         /components/expansion -> components__expansion.png
ok         /components/divider -> components__divider.png
ok         /components/tabs -> components__tabs.png
ok         /components/stepper-shell -> components__stepper-shell.png
ok         /components/dialog-shell -> components__dialog-shell.png
ok         /components/bottom-sheet -> components__bottom-sheet.png
ok         /components/toast -> components__toast.png
ok         /components/tooltip -> components__tooltip.png
ok         /components/progress -> components__progress.png
ok         /components/error-summary -> components__error-summary.png
ok         /components/page-header -> components__page-header.png
ok         /components/page-shell -> components__page-shell.png
ok         /components/a11y-announcer -> components__a11y-announcer.png
ok         /components/disclosure -> components__disclosure.png  console-errors=2
