DIFF      /components/a11y-announcer       243 px (0.012%) 1280x1645 -> 1280x1645
DIFF      /components/account-card         2025 px (0.096%) 1280x1645 -> 1280x1645
DIFF      /components/amount-slider        189 px (0.009%) 1280x1645 -> 1280x1645
DIFF      /components/autocomplete         5895 px (0.28%) 1280x1645 -> 1280x1645
DIFF      /components/badge                189 px (0.009%) 1280x1645 -> 1280x1645
DIFF      /components/bottom-sheet         570 px (0.027%) 1280x1645 -> 1280x1645
DIFF      /components/button               1737 px (0.082%) 1280x1645 -> 1280x1645
DIFF      /components/card                 221 px (0.01%) 1280x1645 -> 1280x1645
DIFF      /components/checkbox             764 px (0.036%) 1280x1645 -> 1280x1645
DIFF      /components/currency-input       71882 px (3.414%) 1280x1645 -> 1280x1645
DIFF      /components/data-table           21119 px (1.003%) 1280x1645 -> 1280x1645
DIFF      /components/date-range           22964 px (1.091%) 1280x1645 -> 1280x1645
DIFF      /components/dialog-shell         189 px (0.009%) 1280x1645 -> 1280x1645
DIFF      /components/disclosure           189 px (0.009%) 1280x1645 -> 1280x1645
DIFF      /components/divider              189 px (0.009%) 1280x1645 -> 1280x1645
DIFF      /components/error-summary        38844 px (1.845%) 1280x1645 -> 1280x1645
DIFF      /components/expansion            189 px (0.009%) 1280x1645 -> 1280x1645
DIFF      /components/filter-chips         189 px (0.009%) 1280x1645 -> 1280x1645
DIFF      /components/icon-button          443 px (0.021%) 1280x1645 -> 1280x1645
DIFF      /components/list                 189 px (0.009%) 1280x1645 -> 1280x1645
DIFF      /components/masked-input         56620 px (2.689%) 1280x1645 -> 1280x1645
DIFF      /components/menu                 214 px (0.01%) 1280x1645 -> 1280x1645
DIFF      /components/page-header          914 px (0.043%) 1280x1645 -> 1280x1645
DIFF      /components/page-shell           374 px (0.017%) 1280x1745 -> 1280x1745
DIFF      /components/progress             350 px (0.017%) 1280x1645 -> 1280x1645
DIFF      /components/radio-group          189 px (0.009%) 1280x1645 -> 1280x1645
DIFF      /components/select               29386 px (1.396%) 1280x1645 -> 1280x1645
DIFF      /components/skeleton             256 px (0.012%) 1280x1645 -> 1280x1645
DIFF      /components/stepper-shell        2508 px (0.119%) 1280x1645 -> 1280x1645
DIFF      /components/tabs                 189 px (0.009%) 1280x1645 -> 1280x1645
DIFF      /components/toast                189 px (0.009%) 1280x1645 -> 1280x1645
DIFF      /components/toggle               751 px (0.036%) 1280x1645 -> 1280x1645
DIFF      /components/tooltip              189 px (0.009%) 1280x1645 -> 1280x1645
DIFF      /components/virtual-list         189 px (0.009%) 1280x1645 -> 1280x1645
DIFF      /dashboard                       54197 px (2.574%) 1280x1645 -> 1280x1645
DIFF      /foundations/icons               189 px (0.009%) 1280x1645 -> 1280x1645
DIFF      /foundations/themes              189 px (0.009%) 1280x1645 -> 1280x1645
DIFF      /foundations/tokens              4268 px (0.193%) 1280x1728 -> 1280x1728
DIFF      /                                288 px (0.01%) 1280x2355 -> 1280x2355
